{
  "exclude": {
    "files": "vendor|go.sum|.*deepcopy.*|.*test.go|^.secrets.baseline$",
    "lines": null
  },
  "generated_at": "2026-09-07T13:12:44Z",
  "plugins_used": [
    {
      "name": "AWSKeyDetector"
    },
    {
      "name": "ArtifactoryDetector"
    },
    {
      "name": "AzureStorageKeyDetector"
    },
    {
      "base64_limit": 4.5,
      "name": "Base64HighEntropyString"
    },
    {
      "name": "BasicAuthDetector"
    },
    {
      "name": "BoxDetector"
    },
    {
      "name": "CloudantDetector"
    },
    {
      "ghe_instance": "github.ibm.com",
      "name": "GheDetector"
    },
    {
      "name": "GitHubTokenDetector"
    },
    {
      "hex_limit": 3,
      "name": "HexHighEntropyString"
    },
    {
      "name": "IbmCloudIamDetector"
    },
    {
      "name": "IbmCosHmacDetector"
    },
    {
      "name": "JwtTokenDetector"
    },
    {
      "keyword_exclude": null,
      "name": "KeywordDetector"
    },
    {
      "name": "MailchimpDetector"
    },
    {
      "name": "NpmDetector"
    },
    {
      "name": "PrivateKeyDetector"
    },
    {
      "name": "SlackDetector"
    },
    {
      "name": "SoftlayerDetector"
    },
    {
      "name": "SquareOAuthDetector"
    },
    {
      "name": "StripeDetector"
    },
    {
      "name": "TwilioKeyDetector"
    }
  ],
  "results": {
    "pkg/controller/hawtio/defaults.go": [
      {
        "hashed_secret": "8e96e1c291cc8cb660a85415b39d561933b7c189",
        "is_secret": false,
        "is_verified": false,
        "line_number": 220,
        "type": "Secret Keyword",
        "verified_result": null
      },
      {
        "hashed_secret": "37beae4ccf245ba88e5383451081040a776fcb3d",
        "is_secret": false,
        "is_verified": false,
        "line_number": 231,
        "type": "Secret Keyword",
        "verified_result": null
      },
      {
        "hashed_secret": "92638edc24cc7f9c88336e04ccac3f2723685da7",
        "is_secret": false,
        "is_verified": false,
        "line_number": 249,
        "type": "Secret Keyword",
        "verified_result": null
      },
      {
        "hashed_secret": "d39f38b5a5de2905df8a85dbaf753bda45dbf822",
        "is_secret": false,
        "is_verified": false,
        "line_number": 258,
        "type": "Secret Keyword",
        "verified_result": null
      }
    ],
    "pkg/resources/environment.go": [
      {
        "hashed_secret": "b7e9a6e2e04ed3edbf8b4e21def4beccbb6eb6b1",
        "is_secret": false,
        "is_verified": false,
        "line_number": 28,
        "type": "Secret Keyword",
        "verified_result": null
      }
    ],
    "pkg/resources/volume.go": [
      {
        "hashed_secret": "7cc3f717407355351c9184d91e27109c3b79427d",
        "is_secret": false,
        "is_verified": false,
        "line_number": 21,
        "type": "Secret Keyword",
        "verified_result": null
      }
    ],
    "pkg/updater/poller.go": [
      {
        "hashed_secret": "0505ee303edffbbcb314426728ca74ac30ad2e71",
        "is_secret": false,
        "is_verified": false,
        "line_number": 169,
        "type": "Secret Keyword",
        "verified_result": null
      },
      {
        "hashed_secret": "4f151c44a6783667af6cedaa3d12560f8af2f38a",
        "is_secret": false,
        "is_verified": false,
        "line_number": 178,
        "type": "Secret Keyword",
        "verified_result": null
      }
    ]
  },
  "version": "0.13.1+ibm.64.dss",
  "word_list": {
    "file": null,
    "hash": null
  }
}
